error: ['test']
	Some test error
warning: ['test']
	Some test warning
